// Jest Snapshot v1, https://goo.gl/fbAQLP

exports[`Main should match the snapshot when the store prop popup is false 1`] = `
<main
  className="Main"
>
  <div
    className="main-header"
  >
    <h1
      className="page-title"
    >
      My Quests
    </h1>
    <div
      className="controls"
    >
      <form
        className="search-bar"
        onSubmit={[Function]}
      >
        <input
          className="search-input"
          onChange={[Function]}
          placeholder="Search your quests..."
        />
        <button
          className="search-btn-container"
          type="submit"
        >
          <i
            className="fas fa-search"
            role="button"
          />
        </button>
      </form>
    </div>
  </div>
  <ConnectFunction
    results={null}
  />
  <NavLink
    className="add-quest-btn"
    to="/new-quest"
    type="button"
  >
    <i
      className="fas fa-plus"
    />
  </NavLink>
</main>
`;

exports[`Main should match the snapshot when the store prop popup is true 1`] = `
<main
  className="Main"
>
  <div
    className="main-header"
  >
    <h1
      className="page-title"
    >
      My Quests
    </h1>
    <div
      className="controls"
    >
      <form
        className="search-bar"
        onSubmit={[Function]}
      >
        <input
          className="search-input"
          onChange={[Function]}
          placeholder="Search your quests..."
        />
        <button
          className="search-btn-container"
          type="submit"
        >
          <i
            className="fas fa-search"
            role="button"
          />
        </button>
      </form>
    </div>
  </div>
  <ConnectFunction
    results={null}
  />
  <NavLink
    className="add-quest-btn"
    to="/new-quest"
    type="button"
  >
    <i
      className="fas fa-plus"
    />
  </NavLink>
</main>
`;
